#! /usr/bin/vvp
:ivl_version "12.0 (stable)";
:ivl_delay_selection "TYPICAL";
:vpi_time_precision + 0;
:vpi_module "/usr/lib/x86_64-linux-gnu/ivl/system.vpi";
:vpi_module "/usr/lib/x86_64-linux-gnu/ivl/vhdl_sys.vpi";
:vpi_module "/usr/lib/x86_64-linux-gnu/ivl/vhdl_textio.vpi";
:vpi_module "/usr/lib/x86_64-linux-gnu/ivl/v2005_math.vpi";
:vpi_module "/usr/lib/x86_64-linux-gnu/ivl/va_math.vpi";
S_0x6511ca4a0490 .scope module, "tb_hex_to_7seg" "tb_hex_to_7seg" 2 4;
 .timescale 0 0;
v0x6511ca514ce0_0 .var/i "h", 31 0;
v0x6511ca514dc0_0 .var "hex_in", 3 0;
v0x6511ca514e80_0 .net "segments", 6 0, L_0x6511ca5162e0;  1 drivers
S_0x6511ca4a0620 .scope module, "dut" "hex_to_7seg" 2 8, 3 4 0, S_0x6511ca4a0490;
 .timescale 0 0;
    .port_info 0 /INPUT 4 "hex";
    .port_info 1 /OUTPUT 7 "segments";
L_0x6511ca515290 .functor NOT 1, L_0x6511ca514f50, C4<0>, C4<0>, C4<0>;
L_0x6511ca515330 .functor AND 1, L_0x6511ca515290, L_0x6511ca515020, C4<1>, C4<1>;
L_0x6511ca515440 .functor NOT 1, L_0x6511ca5150c0, C4<0>, C4<0>, C4<0>;
L_0x6511ca515500 .functor AND 1, L_0x6511ca515330, L_0x6511ca515440, C4<1>, C4<1>;
L_0x6511ca515640 .functor NOT 1, L_0x6511ca515020, C4<0>, C4<0>, C4<0>;
L_0x6511ca5156b0 .functor AND 1, L_0x6511ca514f50, L_0x6511ca515640, C4<1>, C4<1>;
L_0x6511ca5157b0 .functor OR 1, L_0x6511ca515500, L_0x6511ca5156b0, C4<0>, C4<0>;
L_0x6511ca5158c0 .functor AND 1, L_0x6511ca514f50, L_0x6511ca515190, C4<1>, C4<1>;
L_0x6511ca515a10 .functor OR 1, L_0x6511ca5157b0, L_0x6511ca5158c0, C4<0>, C4<0>;
L_0x6511ca515b20 .functor NOT 1, L_0x6511ca515020, C4<0>, C4<0>, C4<0>;
L_0x6511ca515c80 .functor AND 1, L_0x6511ca515b20, L_0x6511ca5150c0, C4<1>, C4<1>;
L_0x6511ca515cf0 .functor OR 1, L_0x6511ca515a10, L_0x6511ca515c80, C4<0>, C4<0>;
L_0x6511ca515e20 .functor NOT 1, L_0x6511ca515190, C4<0>, C4<0>, C4<0>;
L_0x6511ca515e90 .functor AND 1, L_0x6511ca5150c0, L_0x6511ca515e20, C4<1>, C4<1>;
L_0x6511ca515db0 .functor OR 1, L_0x6511ca515cf0, L_0x6511ca515e90, C4<0>, C4<0>;
L_0x6511ca5160b0 .functor NOT 1, L_0x6511ca514f50, C4<0>, C4<0>, C4<0>;
L_0x6511ca5161b0 .functor AND 1, L_0x6511ca5160b0, L_0x6511ca515020, C4<1>, C4<1>;
L_0x6511ca516270 .functor NOT 1, L_0x6511ca5150c0, C4<0>, C4<0>, C4<0>;
L_0x6511ca516380 .functor AND 1, L_0x6511ca5161b0, L_0x6511ca516270, C4<1>, C4<1>;
L_0x6511ca516490 .functor NOT 1, L_0x6511ca515020, C4<0>, C4<0>, C4<0>;
L_0x6511ca5165b0 .functor AND 1, L_0x6511ca514f50, L_0x6511ca516490, C4<1>, C4<1>;
L_0x6511ca516670 .functor OR 1, L_0x6511ca516380, L_0x6511ca5165b0, C4<0>, C4<0>;
L_0x6511ca516840 .functor AND 1, L_0x6511ca514f50, L_0x6511ca5150c0, C4<1>, C4<1>;
L_0x6511ca5168b0 .functor OR 1, L_0x6511ca516670, L_0x6511ca516840, C4<0>, C4<0>;
L_0x6511ca516a90 .functor NOT 1, L_0x6511ca515190, C4<0>, C4<0>, C4<0>;
L_0x6511ca516b00 .functor AND 1, L_0x6511ca515020, L_0x6511ca516a90, C4<1>, C4<1>;
L_0x6511ca516c50 .functor OR 1, L_0x6511ca5168b0, L_0x6511ca516b00, C4<0>, C4<0>;
L_0x6511ca516d60 .functor NOT 1, L_0x6511ca5150c0, C4<0>, C4<0>, C4<0>;
L_0x6511ca516ec0 .functor NOT 1, L_0x6511ca515190, C4<0>, C4<0>, C4<0>;
L_0x6511ca516f30 .functor AND 1, L_0x6511ca516d60, L_0x6511ca516ec0, C4<1>, C4<1>;
L_0x6511ca517140 .functor OR 1, L_0x6511ca516c50, L_0x6511ca516f30, C4<0>, C4<0>;
L_0x6511ca517250 .functor AND 1, L_0x6511ca514f50, L_0x6511ca515020, C4<1>, C4<1>;
L_0x6511ca5174e0 .functor AND 1, L_0x6511ca514f50, L_0x6511ca5150c0, C4<1>, C4<1>;
L_0x6511ca517660 .functor OR 1, L_0x6511ca517250, L_0x6511ca5174e0, C4<0>, C4<0>;
L_0x6511ca517890 .functor NOT 1, L_0x6511ca515020, C4<0>, C4<0>, C4<0>;
L_0x6511ca517900 .functor NOT 1, L_0x6511ca515190, C4<0>, C4<0>, C4<0>;
L_0x6511ca517aa0 .functor AND 1, L_0x6511ca517890, L_0x6511ca517900, C4<1>, C4<1>;
L_0x6511ca517bb0 .functor OR 1, L_0x6511ca517660, L_0x6511ca517aa0, C4<0>, C4<0>;
L_0x6511ca517e00 .functor NOT 1, L_0x6511ca515190, C4<0>, C4<0>, C4<0>;
L_0x6511ca517e70 .functor AND 1, L_0x6511ca5150c0, L_0x6511ca517e00, C4<1>, C4<1>;
L_0x6511ca518080 .functor OR 1, L_0x6511ca517bb0, L_0x6511ca517e70, C4<0>, C4<0>;
L_0x6511ca518190 .functor NOT 1, L_0x6511ca514f50, C4<0>, C4<0>, C4<0>;
L_0x6511ca518360 .functor NOT 1, L_0x6511ca515020, C4<0>, C4<0>, C4<0>;
L_0x6511ca5183d0 .functor AND 1, L_0x6511ca518190, L_0x6511ca518360, C4<1>, C4<1>;
L_0x6511ca518650 .functor NOT 1, L_0x6511ca515190, C4<0>, C4<0>, C4<0>;
L_0x6511ca5186c0 .functor AND 1, L_0x6511ca5183d0, L_0x6511ca518650, C4<1>, C4<1>;
L_0x6511ca518950 .functor NOT 1, L_0x6511ca5150c0, C4<0>, C4<0>, C4<0>;
L_0x6511ca5189c0 .functor AND 1, L_0x6511ca514f50, L_0x6511ca518950, C4<1>, C4<1>;
L_0x6511ca518c10 .functor OR 1, L_0x6511ca5186c0, L_0x6511ca5189c0, C4<0>, C4<0>;
L_0x6511ca518d20 .functor NOT 1, L_0x6511ca515020, C4<0>, C4<0>, C4<0>;
L_0x6511ca518f30 .functor AND 1, L_0x6511ca518d20, L_0x6511ca5150c0, C4<1>, C4<1>;
L_0x6511ca518ff0 .functor AND 1, L_0x6511ca518f30, L_0x6511ca515190, C4<1>, C4<1>;
L_0x6511ca519260 .functor OR 1, L_0x6511ca518c10, L_0x6511ca518ff0, C4<0>, C4<0>;
L_0x6511ca519370 .functor NOT 1, L_0x6511ca5150c0, C4<0>, C4<0>, C4<0>;
L_0x6511ca5195a0 .functor AND 1, L_0x6511ca515020, L_0x6511ca519370, C4<1>, C4<1>;
L_0x6511ca519660 .functor AND 1, L_0x6511ca5195a0, L_0x6511ca515190, C4<1>, C4<1>;
L_0x6511ca5198f0 .functor OR 1, L_0x6511ca519260, L_0x6511ca519660, C4<0>, C4<0>;
L_0x6511ca519a00 .functor AND 1, L_0x6511ca515020, L_0x6511ca5150c0, C4<1>, C4<1>;
L_0x6511ca519c50 .functor NOT 1, L_0x6511ca515190, C4<0>, C4<0>, C4<0>;
L_0x6511ca519cc0 .functor AND 1, L_0x6511ca519a00, L_0x6511ca519c50, C4<1>, C4<1>;
L_0x6511ca519ff0 .functor OR 1, L_0x6511ca5198f0, L_0x6511ca519cc0, C4<0>, C4<0>;
L_0x6511ca51a100 .functor NOT 1, L_0x6511ca514f50, C4<0>, C4<0>, C4<0>;
L_0x6511ca51a370 .functor AND 1, L_0x6511ca51a100, L_0x6511ca515020, C4<1>, C4<1>;
L_0x6511ca51a430 .functor NOT 1, L_0x6511ca515020, C4<0>, C4<0>, C4<0>;
L_0x6511ca51a6b0 .functor AND 1, L_0x6511ca514f50, L_0x6511ca51a430, C4<1>, C4<1>;
L_0x6511ca51a770 .functor OR 1, L_0x6511ca51a370, L_0x6511ca51a6b0, C4<0>, C4<0>;
L_0x6511ca51aaa0 .functor NOT 1, L_0x6511ca5150c0, C4<0>, C4<0>, C4<0>;
L_0x6511ca51ab10 .functor AND 1, L_0x6511ca51aaa0, L_0x6511ca515190, C4<1>, C4<1>;
L_0x6511ca51ae00 .functor OR 1, L_0x6511ca51a770, L_0x6511ca51ab10, C4<0>, C4<0>;
L_0x6511ca51af10 .functor NOT 1, L_0x6511ca514f50, C4<0>, C4<0>, C4<0>;
L_0x6511ca51b1c0 .functor NOT 1, L_0x6511ca515020, C4<0>, C4<0>, C4<0>;
L_0x6511ca51b230 .functor AND 1, L_0x6511ca51af10, L_0x6511ca51b1c0, C4<1>, C4<1>;
L_0x6511ca51b5c0 .functor NOT 1, L_0x6511ca5150c0, C4<0>, C4<0>, C4<0>;
L_0x6511ca51b630 .functor AND 1, L_0x6511ca51b230, L_0x6511ca51b5c0, C4<1>, C4<1>;
L_0x6511ca51b9a0 .functor OR 1, L_0x6511ca51ae00, L_0x6511ca51b630, C4<0>, C4<0>;
L_0x6511ca51bab0 .functor NOT 1, L_0x6511ca514f50, C4<0>, C4<0>, C4<0>;
L_0x6511ca51bd90 .functor NOT 1, L_0x6511ca515020, C4<0>, C4<0>, C4<0>;
L_0x6511ca51be00 .functor AND 1, L_0x6511ca51bab0, L_0x6511ca51bd90, C4<1>, C4<1>;
L_0x6511ca51c190 .functor AND 1, L_0x6511ca51be00, L_0x6511ca515190, C4<1>, C4<1>;
L_0x6511ca51c250 .functor OR 1, L_0x6511ca51b9a0, L_0x6511ca51c190, C4<0>, C4<0>;
L_0x6511ca51c5f0 .functor NOT 1, L_0x6511ca514f50, C4<0>, C4<0>, C4<0>;
L_0x6511ca51c660 .functor NOT 1, L_0x6511ca5150c0, C4<0>, C4<0>, C4<0>;
L_0x6511ca51cb80 .functor AND 1, L_0x6511ca51c5f0, L_0x6511ca51c660, C4<1>, C4<1>;
L_0x6511ca51cc90 .functor NOT 1, L_0x6511ca515190, C4<0>, C4<0>, C4<0>;
L_0x6511ca51cfb0 .functor AND 1, L_0x6511ca51cb80, L_0x6511ca51cc90, C4<1>, C4<1>;
L_0x6511ca51d0c0 .functor NOT 1, L_0x6511ca514f50, C4<0>, C4<0>, C4<0>;
L_0x6511ca51d3f0 .functor AND 1, L_0x6511ca51d0c0, L_0x6511ca5150c0, C4<1>, C4<1>;
L_0x6511ca51d4b0 .functor AND 1, L_0x6511ca51d3f0, L_0x6511ca515190, C4<1>, C4<1>;
L_0x6511ca51d840 .functor OR 1, L_0x6511ca51cfb0, L_0x6511ca51d4b0, C4<0>, C4<0>;
L_0x6511ca51d950 .functor NOT 1, L_0x6511ca5150c0, C4<0>, C4<0>, C4<0>;
L_0x6511ca51dca0 .functor AND 1, L_0x6511ca514f50, L_0x6511ca51d950, C4<1>, C4<1>;
L_0x6511ca51dd60 .functor AND 1, L_0x6511ca51dca0, L_0x6511ca515190, C4<1>, C4<1>;
L_0x6511ca51e320 .functor OR 1, L_0x6511ca51d840, L_0x6511ca51dd60, C4<0>, C4<0>;
L_0x6511ca51e430 .functor NOT 1, L_0x6511ca515020, C4<0>, C4<0>, C4<0>;
L_0x6511ca51e7a0 .functor NOT 1, L_0x6511ca515190, C4<0>, C4<0>, C4<0>;
L_0x6511ca51e810 .functor AND 1, L_0x6511ca51e430, L_0x6511ca51e7a0, C4<1>, C4<1>;
L_0x6511ca51ec60 .functor OR 1, L_0x6511ca51e320, L_0x6511ca51e810, C4<0>, C4<0>;
L_0x6511ca51ed70 .functor NOT 1, L_0x6511ca515020, C4<0>, C4<0>, C4<0>;
L_0x6511ca51f100 .functor NOT 1, L_0x6511ca5150c0, C4<0>, C4<0>, C4<0>;
L_0x6511ca51f170 .functor AND 1, L_0x6511ca51ed70, L_0x6511ca51f100, C4<1>, C4<1>;
L_0x6511ca51f5b0 .functor OR 1, L_0x6511ca51ec60, L_0x6511ca51f170, C4<0>, C4<0>;
L_0x6511ca51f940 .functor NOT 1, L_0x6511ca514f50, C4<0>, C4<0>, C4<0>;
L_0x6511ca51fcf0 .functor AND 1, L_0x6511ca5150c0, L_0x6511ca51f940, C4<1>, C4<1>;
L_0x6511ca51fdb0 .functor NOT 1, L_0x6511ca515190, C4<0>, C4<0>, C4<0>;
L_0x6511ca520170 .functor NOT 1, L_0x6511ca515020, C4<0>, C4<0>, C4<0>;
L_0x6511ca5201e0 .functor AND 1, L_0x6511ca51fdb0, L_0x6511ca520170, C4<1>, C4<1>;
L_0x6511ca520650 .functor OR 1, L_0x6511ca51fcf0, L_0x6511ca5201e0, C4<0>, C4<0>;
L_0x6511ca520760 .functor NOT 1, L_0x6511ca5150c0, C4<0>, C4<0>, C4<0>;
L_0x6511ca520b40 .functor NOT 1, L_0x6511ca515020, C4<0>, C4<0>, C4<0>;
L_0x6511ca520bb0 .functor AND 1, L_0x6511ca520760, L_0x6511ca520b40, C4<1>, C4<1>;
L_0x6511ca521040 .functor AND 1, L_0x6511ca520bb0, L_0x6511ca514f50, C4<1>, C4<1>;
L_0x6511ca521100 .functor OR 1, L_0x6511ca520650, L_0x6511ca521040, C4<0>, C4<0>;
L_0x6511ca5215a0 .functor AND 1, L_0x6511ca515020, L_0x6511ca5150c0, C4<1>, C4<1>;
L_0x6511ca521610 .functor OR 1, L_0x6511ca521100, L_0x6511ca5215a0, C4<0>, C4<0>;
L_0x6511ca521ac0 .functor AND 1, L_0x6511ca515020, L_0x6511ca515190, C4<1>, C4<1>;
L_0x6511ca521b30 .functor NOT 1, L_0x6511ca514f50, C4<0>, C4<0>, C4<0>;
L_0x6511ca521f50 .functor AND 1, L_0x6511ca521ac0, L_0x6511ca521b30, C4<1>, C4<1>;
L_0x6511ca522060 .functor OR 1, L_0x6511ca521610, L_0x6511ca521f50, C4<0>, C4<0>;
L_0x6511ca522530 .functor NOT 1, L_0x6511ca515190, C4<0>, C4<0>, C4<0>;
L_0x6511ca5225a0 .functor AND 1, L_0x6511ca514f50, L_0x6511ca522530, C4<1>, C4<1>;
L_0x6511ca522a30 .functor OR 1, L_0x6511ca522060, L_0x6511ca5225a0, C4<0>, C4<0>;
v0x6511ca4a0800_0 .net "A", 0 0, L_0x6511ca514f50;  1 drivers
v0x6511ca50e1d0_0 .net "B", 0 0, L_0x6511ca515020;  1 drivers
v0x6511ca50e290_0 .net "C", 0 0, L_0x6511ca5150c0;  1 drivers
v0x6511ca50e330_0 .net "D", 0 0, L_0x6511ca515190;  1 drivers
v0x6511ca50e3f0_0 .net *"_ivl_10", 0 0, L_0x6511ca515290;  1 drivers
v0x6511ca50e520_0 .net *"_ivl_100", 0 0, L_0x6511ca518360;  1 drivers
v0x6511ca50e600_0 .net *"_ivl_103", 0 0, L_0x6511ca5183d0;  1 drivers
v0x6511ca50e6c0_0 .net *"_ivl_104", 0 0, L_0x6511ca518650;  1 drivers
v0x6511ca50e7a0_0 .net *"_ivl_107", 0 0, L_0x6511ca5186c0;  1 drivers
v0x6511ca50e860_0 .net *"_ivl_108", 0 0, L_0x6511ca518950;  1 drivers
v0x6511ca50e940_0 .net *"_ivl_111", 0 0, L_0x6511ca5189c0;  1 drivers
v0x6511ca50ea00_0 .net *"_ivl_113", 0 0, L_0x6511ca518c10;  1 drivers
v0x6511ca50eac0_0 .net *"_ivl_114", 0 0, L_0x6511ca518d20;  1 drivers
v0x6511ca50eba0_0 .net *"_ivl_117", 0 0, L_0x6511ca518f30;  1 drivers
v0x6511ca50ec60_0 .net *"_ivl_119", 0 0, L_0x6511ca518ff0;  1 drivers
v0x6511ca50ed20_0 .net *"_ivl_121", 0 0, L_0x6511ca519260;  1 drivers
v0x6511ca50ede0_0 .net *"_ivl_122", 0 0, L_0x6511ca519370;  1 drivers
v0x6511ca50eec0_0 .net *"_ivl_125", 0 0, L_0x6511ca5195a0;  1 drivers
v0x6511ca50ef80_0 .net *"_ivl_127", 0 0, L_0x6511ca519660;  1 drivers
v0x6511ca50f040_0 .net *"_ivl_129", 0 0, L_0x6511ca5198f0;  1 drivers
v0x6511ca50f100_0 .net *"_ivl_13", 0 0, L_0x6511ca515330;  1 drivers
v0x6511ca50f1c0_0 .net *"_ivl_131", 0 0, L_0x6511ca519a00;  1 drivers
v0x6511ca50f280_0 .net *"_ivl_132", 0 0, L_0x6511ca519c50;  1 drivers
v0x6511ca50f360_0 .net *"_ivl_135", 0 0, L_0x6511ca519cc0;  1 drivers
v0x6511ca50f420_0 .net *"_ivl_137", 0 0, L_0x6511ca519ff0;  1 drivers
v0x6511ca50f4e0_0 .net *"_ivl_14", 0 0, L_0x6511ca515440;  1 drivers
v0x6511ca50f5c0_0 .net *"_ivl_140", 0 0, L_0x6511ca51a100;  1 drivers
v0x6511ca50f6a0_0 .net *"_ivl_143", 0 0, L_0x6511ca51a370;  1 drivers
v0x6511ca50f760_0 .net *"_ivl_144", 0 0, L_0x6511ca51a430;  1 drivers
v0x6511ca50f840_0 .net *"_ivl_147", 0 0, L_0x6511ca51a6b0;  1 drivers
v0x6511ca50f900_0 .net *"_ivl_149", 0 0, L_0x6511ca51a770;  1 drivers
v0x6511ca50f9c0_0 .net *"_ivl_150", 0 0, L_0x6511ca51aaa0;  1 drivers
v0x6511ca50faa0_0 .net *"_ivl_153", 0 0, L_0x6511ca51ab10;  1 drivers
v0x6511ca50fd70_0 .net *"_ivl_155", 0 0, L_0x6511ca51ae00;  1 drivers
v0x6511ca50fe30_0 .net *"_ivl_156", 0 0, L_0x6511ca51af10;  1 drivers
v0x6511ca50ff10_0 .net *"_ivl_158", 0 0, L_0x6511ca51b1c0;  1 drivers
v0x6511ca50fff0_0 .net *"_ivl_161", 0 0, L_0x6511ca51b230;  1 drivers
v0x6511ca5100b0_0 .net *"_ivl_162", 0 0, L_0x6511ca51b5c0;  1 drivers
v0x6511ca510190_0 .net *"_ivl_165", 0 0, L_0x6511ca51b630;  1 drivers
v0x6511ca510250_0 .net *"_ivl_167", 0 0, L_0x6511ca51b9a0;  1 drivers
v0x6511ca510310_0 .net *"_ivl_168", 0 0, L_0x6511ca51bab0;  1 drivers
v0x6511ca5103f0_0 .net *"_ivl_17", 0 0, L_0x6511ca515500;  1 drivers
v0x6511ca5104b0_0 .net *"_ivl_170", 0 0, L_0x6511ca51bd90;  1 drivers
v0x6511ca510590_0 .net *"_ivl_173", 0 0, L_0x6511ca51be00;  1 drivers
v0x6511ca510650_0 .net *"_ivl_175", 0 0, L_0x6511ca51c190;  1 drivers
v0x6511ca510710_0 .net *"_ivl_177", 0 0, L_0x6511ca51c250;  1 drivers
v0x6511ca5107d0_0 .net *"_ivl_18", 0 0, L_0x6511ca515640;  1 drivers
v0x6511ca5108b0_0 .net *"_ivl_180", 0 0, L_0x6511ca51c5f0;  1 drivers
v0x6511ca510990_0 .net *"_ivl_182", 0 0, L_0x6511ca51c660;  1 drivers
v0x6511ca510a70_0 .net *"_ivl_185", 0 0, L_0x6511ca51cb80;  1 drivers
v0x6511ca510b30_0 .net *"_ivl_186", 0 0, L_0x6511ca51cc90;  1 drivers
v0x6511ca510c10_0 .net *"_ivl_189", 0 0, L_0x6511ca51cfb0;  1 drivers
v0x6511ca510cd0_0 .net *"_ivl_190", 0 0, L_0x6511ca51d0c0;  1 drivers
v0x6511ca510db0_0 .net *"_ivl_193", 0 0, L_0x6511ca51d3f0;  1 drivers
v0x6511ca510e70_0 .net *"_ivl_195", 0 0, L_0x6511ca51d4b0;  1 drivers
v0x6511ca510f30_0 .net *"_ivl_197", 0 0, L_0x6511ca51d840;  1 drivers
v0x6511ca510ff0_0 .net *"_ivl_198", 0 0, L_0x6511ca51d950;  1 drivers
v0x6511ca5110d0_0 .net *"_ivl_201", 0 0, L_0x6511ca51dca0;  1 drivers
v0x6511ca511190_0 .net *"_ivl_203", 0 0, L_0x6511ca51dd60;  1 drivers
v0x6511ca511250_0 .net *"_ivl_205", 0 0, L_0x6511ca51e320;  1 drivers
v0x6511ca511310_0 .net *"_ivl_206", 0 0, L_0x6511ca51e430;  1 drivers
v0x6511ca5113f0_0 .net *"_ivl_208", 0 0, L_0x6511ca51e7a0;  1 drivers
v0x6511ca5114d0_0 .net *"_ivl_21", 0 0, L_0x6511ca5156b0;  1 drivers
v0x6511ca511590_0 .net *"_ivl_211", 0 0, L_0x6511ca51e810;  1 drivers
v0x6511ca511650_0 .net *"_ivl_213", 0 0, L_0x6511ca51ec60;  1 drivers
v0x6511ca511b20_0 .net *"_ivl_214", 0 0, L_0x6511ca51ed70;  1 drivers
v0x6511ca511c00_0 .net *"_ivl_216", 0 0, L_0x6511ca51f100;  1 drivers
v0x6511ca511ce0_0 .net *"_ivl_219", 0 0, L_0x6511ca51f170;  1 drivers
v0x6511ca511da0_0 .net *"_ivl_221", 0 0, L_0x6511ca51f5b0;  1 drivers
v0x6511ca511e60_0 .net *"_ivl_225", 0 0, L_0x6511ca51f940;  1 drivers
v0x6511ca511f40_0 .net *"_ivl_228", 0 0, L_0x6511ca51fcf0;  1 drivers
v0x6511ca512000_0 .net *"_ivl_229", 0 0, L_0x6511ca51fdb0;  1 drivers
v0x6511ca5120e0_0 .net *"_ivl_23", 0 0, L_0x6511ca5157b0;  1 drivers
v0x6511ca5121a0_0 .net *"_ivl_231", 0 0, L_0x6511ca520170;  1 drivers
v0x6511ca512280_0 .net *"_ivl_234", 0 0, L_0x6511ca5201e0;  1 drivers
v0x6511ca512340_0 .net *"_ivl_236", 0 0, L_0x6511ca520650;  1 drivers
v0x6511ca512400_0 .net *"_ivl_237", 0 0, L_0x6511ca520760;  1 drivers
v0x6511ca5124e0_0 .net *"_ivl_239", 0 0, L_0x6511ca520b40;  1 drivers
v0x6511ca5125c0_0 .net *"_ivl_242", 0 0, L_0x6511ca520bb0;  1 drivers
v0x6511ca512680_0 .net *"_ivl_244", 0 0, L_0x6511ca521040;  1 drivers
v0x6511ca512740_0 .net *"_ivl_246", 0 0, L_0x6511ca521100;  1 drivers
v0x6511ca512800_0 .net *"_ivl_248", 0 0, L_0x6511ca5215a0;  1 drivers
v0x6511ca5128c0_0 .net *"_ivl_25", 0 0, L_0x6511ca5158c0;  1 drivers
v0x6511ca512980_0 .net *"_ivl_250", 0 0, L_0x6511ca521610;  1 drivers
v0x6511ca512a40_0 .net *"_ivl_252", 0 0, L_0x6511ca521ac0;  1 drivers
v0x6511ca512b00_0 .net *"_ivl_253", 0 0, L_0x6511ca521b30;  1 drivers
v0x6511ca512be0_0 .net *"_ivl_256", 0 0, L_0x6511ca521f50;  1 drivers
v0x6511ca512ca0_0 .net *"_ivl_258", 0 0, L_0x6511ca522060;  1 drivers
v0x6511ca512d60_0 .net *"_ivl_259", 0 0, L_0x6511ca522530;  1 drivers
v0x6511ca512e40_0 .net *"_ivl_262", 0 0, L_0x6511ca5225a0;  1 drivers
v0x6511ca512f00_0 .net *"_ivl_264", 0 0, L_0x6511ca522a30;  1 drivers
v0x6511ca512fc0_0 .net *"_ivl_27", 0 0, L_0x6511ca515a10;  1 drivers
v0x6511ca513080_0 .net *"_ivl_28", 0 0, L_0x6511ca515b20;  1 drivers
v0x6511ca513160_0 .net *"_ivl_31", 0 0, L_0x6511ca515c80;  1 drivers
v0x6511ca513220_0 .net *"_ivl_33", 0 0, L_0x6511ca515cf0;  1 drivers
v0x6511ca5132e0_0 .net *"_ivl_34", 0 0, L_0x6511ca515e20;  1 drivers
v0x6511ca5133c0_0 .net *"_ivl_37", 0 0, L_0x6511ca515e90;  1 drivers
v0x6511ca513480_0 .net *"_ivl_39", 0 0, L_0x6511ca515db0;  1 drivers
v0x6511ca513540_0 .net *"_ivl_42", 0 0, L_0x6511ca5160b0;  1 drivers
v0x6511ca513620_0 .net *"_ivl_45", 0 0, L_0x6511ca5161b0;  1 drivers
v0x6511ca5136e0_0 .net *"_ivl_46", 0 0, L_0x6511ca516270;  1 drivers
v0x6511ca5137c0_0 .net *"_ivl_49", 0 0, L_0x6511ca516380;  1 drivers
v0x6511ca513880_0 .net *"_ivl_50", 0 0, L_0x6511ca516490;  1 drivers
v0x6511ca513960_0 .net *"_ivl_53", 0 0, L_0x6511ca5165b0;  1 drivers
v0x6511ca513a20_0 .net *"_ivl_55", 0 0, L_0x6511ca516670;  1 drivers
v0x6511ca513ae0_0 .net *"_ivl_57", 0 0, L_0x6511ca516840;  1 drivers
v0x6511ca513ba0_0 .net *"_ivl_59", 0 0, L_0x6511ca5168b0;  1 drivers
v0x6511ca513c60_0 .net *"_ivl_60", 0 0, L_0x6511ca516a90;  1 drivers
v0x6511ca513d40_0 .net *"_ivl_63", 0 0, L_0x6511ca516b00;  1 drivers
v0x6511ca513e00_0 .net *"_ivl_65", 0 0, L_0x6511ca516c50;  1 drivers
v0x6511ca513ec0_0 .net *"_ivl_66", 0 0, L_0x6511ca516d60;  1 drivers
v0x6511ca513fa0_0 .net *"_ivl_68", 0 0, L_0x6511ca516ec0;  1 drivers
v0x6511ca514080_0 .net *"_ivl_71", 0 0, L_0x6511ca516f30;  1 drivers
v0x6511ca514140_0 .net *"_ivl_73", 0 0, L_0x6511ca517140;  1 drivers
v0x6511ca514200_0 .net *"_ivl_77", 0 0, L_0x6511ca517250;  1 drivers
v0x6511ca5142c0_0 .net *"_ivl_79", 0 0, L_0x6511ca5174e0;  1 drivers
v0x6511ca514380_0 .net *"_ivl_81", 0 0, L_0x6511ca517660;  1 drivers
v0x6511ca514440_0 .net *"_ivl_82", 0 0, L_0x6511ca517890;  1 drivers
v0x6511ca514520_0 .net *"_ivl_84", 0 0, L_0x6511ca517900;  1 drivers
v0x6511ca514600_0 .net *"_ivl_87", 0 0, L_0x6511ca517aa0;  1 drivers
v0x6511ca5146c0_0 .net *"_ivl_89", 0 0, L_0x6511ca517bb0;  1 drivers
v0x6511ca514780_0 .net *"_ivl_90", 0 0, L_0x6511ca517e00;  1 drivers
v0x6511ca514860_0 .net *"_ivl_93", 0 0, L_0x6511ca517e70;  1 drivers
v0x6511ca514920_0 .net *"_ivl_95", 0 0, L_0x6511ca518080;  1 drivers
v0x6511ca5149e0_0 .net *"_ivl_98", 0 0, L_0x6511ca518190;  1 drivers
v0x6511ca514ac0_0 .net "hex", 3 0, v0x6511ca514dc0_0;  1 drivers
v0x6511ca514ba0_0 .net "segments", 6 0, L_0x6511ca5162e0;  alias, 1 drivers
L_0x6511ca514f50 .part v0x6511ca514dc0_0, 3, 1;
L_0x6511ca515020 .part v0x6511ca514dc0_0, 2, 1;
L_0x6511ca5150c0 .part v0x6511ca514dc0_0, 1, 1;
L_0x6511ca515190 .part v0x6511ca514dc0_0, 0, 1;
LS_0x6511ca5162e0_0_0 .concat8 [ 1 1 1 1], L_0x6511ca515db0, L_0x6511ca517140, L_0x6511ca518080, L_0x6511ca519ff0;
LS_0x6511ca5162e0_0_4 .concat8 [ 1 1 1 0], L_0x6511ca51c250, L_0x6511ca51f5b0, L_0x6511ca522a30;
L_0x6511ca5162e0 .concat8 [ 4 3 0 0], LS_0x6511ca5162e0_0_0, LS_0x6511ca5162e0_0_4;
    .scope S_0x6511ca4a0490;
T_0 ;
    %vpi_call 2 12 "$display", " N | SEGMENTS" {0 0 0};
    %pushi/vec4 0, 0, 32;
    %store/vec4 v0x6511ca514ce0_0, 0, 32;
T_0.0 ;
    %load/vec4 v0x6511ca514ce0_0;
    %cmpi/s 16, 0, 32;
    %jmp/0xz T_0.1, 5;
    %load/vec4 v0x6511ca514ce0_0;
    %pad/s 4;
    %store/vec4 v0x6511ca514dc0_0, 0, 4;
    %delay 10, 0;
    %vpi_call 2 17 "$display", "%2d | %b", v0x6511ca514dc0_0, v0x6511ca514e80_0 {0 0 0};
    %load/vec4 v0x6511ca514ce0_0;
    %addi 1, 0, 32;
    %store/vec4 v0x6511ca514ce0_0, 0, 32;
    %jmp T_0.0;
T_0.1 ;
    %vpi_call 2 19 "$finish" {0 0 0};
    %end;
    .thread T_0;
# The file index is used to find the file name in the following table.
:file_names 4;
    "N/A";
    "<interactive>";
    "tb_hex_to_7seg.v";
    "hex_to_7seg.v";
