#! /usr/bin/vvp
:ivl_version "12.0 (stable)";
:ivl_delay_selection "TYPICAL";
:vpi_time_precision + 0;
:vpi_module "/usr/lib/x86_64-linux-gnu/ivl/system.vpi";
:vpi_module "/usr/lib/x86_64-linux-gnu/ivl/vhdl_sys.vpi";
:vpi_module "/usr/lib/x86_64-linux-gnu/ivl/vhdl_textio.vpi";
:vpi_module "/usr/lib/x86_64-linux-gnu/ivl/v2005_math.vpi";
:vpi_module "/usr/lib/x86_64-linux-gnu/ivl/va_math.vpi";
S_0x600e27fdf490 .scope module, "tb_hex_to_7seg" "tb_hex_to_7seg" 2 3;
 .timescale 0 0;
L_0x7091c13b7018 .functor BUFT 1, C4<1111110>, C4<0>, C4<0>, C4<0>;
v0x600e2805c150 .array "conferencia", 0 15;
v0x600e2805c150_0 .net v0x600e2805c150 0, 6 0, L_0x7091c13b7018; 1 drivers
L_0x7091c13b7060 .functor BUFT 1, C4<0110000>, C4<0>, C4<0>, C4<0>;
v0x600e2805c150_1 .net v0x600e2805c150 1, 6 0, L_0x7091c13b7060; 1 drivers
L_0x7091c13b70a8 .functor BUFT 1, C4<1101101>, C4<0>, C4<0>, C4<0>;
v0x600e2805c150_2 .net v0x600e2805c150 2, 6 0, L_0x7091c13b70a8; 1 drivers
L_0x7091c13b70f0 .functor BUFT 1, C4<1111001>, C4<0>, C4<0>, C4<0>;
v0x600e2805c150_3 .net v0x600e2805c150 3, 6 0, L_0x7091c13b70f0; 1 drivers
L_0x7091c13b7138 .functor BUFT 1, C4<0110011>, C4<0>, C4<0>, C4<0>;
v0x600e2805c150_4 .net v0x600e2805c150 4, 6 0, L_0x7091c13b7138; 1 drivers
L_0x7091c13b7180 .functor BUFT 1, C4<1011011>, C4<0>, C4<0>, C4<0>;
v0x600e2805c150_5 .net v0x600e2805c150 5, 6 0, L_0x7091c13b7180; 1 drivers
L_0x7091c13b71c8 .functor BUFT 1, C4<1011111>, C4<0>, C4<0>, C4<0>;
v0x600e2805c150_6 .net v0x600e2805c150 6, 6 0, L_0x7091c13b71c8; 1 drivers
L_0x7091c13b7210 .functor BUFT 1, C4<1110000>, C4<0>, C4<0>, C4<0>;
v0x600e2805c150_7 .net v0x600e2805c150 7, 6 0, L_0x7091c13b7210; 1 drivers
L_0x7091c13b7258 .functor BUFT 1, C4<1111111>, C4<0>, C4<0>, C4<0>;
v0x600e2805c150_8 .net v0x600e2805c150 8, 6 0, L_0x7091c13b7258; 1 drivers
L_0x7091c13b72a0 .functor BUFT 1, C4<1111011>, C4<0>, C4<0>, C4<0>;
v0x600e2805c150_9 .net v0x600e2805c150 9, 6 0, L_0x7091c13b72a0; 1 drivers
L_0x7091c13b72e8 .functor BUFT 1, C4<1110111>, C4<0>, C4<0>, C4<0>;
v0x600e2805c150_10 .net v0x600e2805c150 10, 6 0, L_0x7091c13b72e8; 1 drivers
L_0x7091c13b7330 .functor BUFT 1, C4<0011111>, C4<0>, C4<0>, C4<0>;
v0x600e2805c150_11 .net v0x600e2805c150 11, 6 0, L_0x7091c13b7330; 1 drivers
L_0x7091c13b7378 .functor BUFT 1, C4<1001110>, C4<0>, C4<0>, C4<0>;
v0x600e2805c150_12 .net v0x600e2805c150 12, 6 0, L_0x7091c13b7378; 1 drivers
L_0x7091c13b73c0 .functor BUFT 1, C4<0111101>, C4<0>, C4<0>, C4<0>;
v0x600e2805c150_13 .net v0x600e2805c150 13, 6 0, L_0x7091c13b73c0; 1 drivers
L_0x7091c13b7408 .functor BUFT 1, C4<1001111>, C4<0>, C4<0>, C4<0>;
v0x600e2805c150_14 .net v0x600e2805c150 14, 6 0, L_0x7091c13b7408; 1 drivers
L_0x7091c13b7450 .functor BUFT 1, C4<1000111>, C4<0>, C4<0>, C4<0>;
v0x600e2805c150_15 .net v0x600e2805c150 15, 6 0, L_0x7091c13b7450; 1 drivers
v0x600e2805c410_0 .var/i "h", 31 0;
v0x600e2805c4f0_0 .var "hex_in", 3 0;
v0x600e2805c590_0 .net "segments", 6 0, L_0x600e2805d9f0;  1 drivers
S_0x600e27fdf620 .scope module, "dut" "hex_to_7seg" 2 7, 3 3 0, S_0x600e27fdf490;
 .timescale 0 0;
    .port_info 0 /INPUT 4 "hex";
    .port_info 1 /OUTPUT 7 "segments";
L_0x600e2805c9a0 .functor NOT 1, L_0x600e2805c630, C4<0>, C4<0>, C4<0>;
L_0x600e2805ca40 .functor AND 1, L_0x600e2805c9a0, L_0x600e2805c6d0, C4<1>, C4<1>;
L_0x600e2805cb50 .functor NOT 1, L_0x600e2805c770, C4<0>, C4<0>, C4<0>;
L_0x600e2805cc10 .functor AND 1, L_0x600e2805ca40, L_0x600e2805cb50, C4<1>, C4<1>;
L_0x600e2805cd50 .functor NOT 1, L_0x600e2805c6d0, C4<0>, C4<0>, C4<0>;
L_0x600e2805cdc0 .functor AND 1, L_0x600e2805c630, L_0x600e2805cd50, C4<1>, C4<1>;
L_0x600e2805cec0 .functor OR 1, L_0x600e2805cc10, L_0x600e2805cdc0, C4<0>, C4<0>;
L_0x600e2805cfd0 .functor AND 1, L_0x600e2805c630, L_0x600e2805c8a0, C4<1>, C4<1>;
L_0x600e2805d120 .functor OR 1, L_0x600e2805cec0, L_0x600e2805cfd0, C4<0>, C4<0>;
L_0x600e2805d230 .functor NOT 1, L_0x600e2805c6d0, C4<0>, C4<0>, C4<0>;
L_0x600e2805d390 .functor AND 1, L_0x600e2805d230, L_0x600e2805c770, C4<1>, C4<1>;
L_0x600e2805d400 .functor OR 1, L_0x600e2805d120, L_0x600e2805d390, C4<0>, C4<0>;
L_0x600e2805d530 .functor NOT 1, L_0x600e2805c8a0, C4<0>, C4<0>, C4<0>;
L_0x600e2805d5a0 .functor AND 1, L_0x600e2805c770, L_0x600e2805d530, C4<1>, C4<1>;
L_0x600e2805d4c0 .functor OR 1, L_0x600e2805d400, L_0x600e2805d5a0, C4<0>, C4<0>;
L_0x600e2805d7c0 .functor NOT 1, L_0x600e2805c630, C4<0>, C4<0>, C4<0>;
L_0x600e2805d8c0 .functor AND 1, L_0x600e2805d7c0, L_0x600e2805c6d0, C4<1>, C4<1>;
L_0x600e2805d980 .functor NOT 1, L_0x600e2805c770, C4<0>, C4<0>, C4<0>;
L_0x600e2805da90 .functor AND 1, L_0x600e2805d8c0, L_0x600e2805d980, C4<1>, C4<1>;
L_0x600e2805dba0 .functor NOT 1, L_0x600e2805c6d0, C4<0>, C4<0>, C4<0>;
L_0x600e2805dcc0 .functor AND 1, L_0x600e2805c630, L_0x600e2805dba0, C4<1>, C4<1>;
L_0x600e2805dd80 .functor OR 1, L_0x600e2805da90, L_0x600e2805dcc0, C4<0>, C4<0>;
L_0x600e2805df50 .functor AND 1, L_0x600e2805c630, L_0x600e2805c770, C4<1>, C4<1>;
L_0x600e2805dfc0 .functor OR 1, L_0x600e2805dd80, L_0x600e2805df50, C4<0>, C4<0>;
L_0x600e2805e1a0 .functor NOT 1, L_0x600e2805c8a0, C4<0>, C4<0>, C4<0>;
L_0x600e2805e210 .functor AND 1, L_0x600e2805c6d0, L_0x600e2805e1a0, C4<1>, C4<1>;
L_0x600e2805e360 .functor OR 1, L_0x600e2805dfc0, L_0x600e2805e210, C4<0>, C4<0>;
L_0x600e2805e470 .functor NOT 1, L_0x600e2805c770, C4<0>, C4<0>, C4<0>;
L_0x600e2805e5d0 .functor NOT 1, L_0x600e2805c8a0, C4<0>, C4<0>, C4<0>;
L_0x600e2805e640 .functor AND 1, L_0x600e2805e470, L_0x600e2805e5d0, C4<1>, C4<1>;
L_0x600e2805e850 .functor OR 1, L_0x600e2805e360, L_0x600e2805e640, C4<0>, C4<0>;
L_0x600e2805e960 .functor AND 1, L_0x600e2805c630, L_0x600e2805c6d0, C4<1>, C4<1>;
L_0x600e2805eae0 .functor AND 1, L_0x600e2805c630, L_0x600e2805c770, C4<1>, C4<1>;
L_0x600e2805ec60 .functor OR 1, L_0x600e2805e960, L_0x600e2805eae0, C4<0>, C4<0>;
L_0x600e2805ee90 .functor NOT 1, L_0x600e2805c6d0, C4<0>, C4<0>, C4<0>;
L_0x600e2805ef00 .functor NOT 1, L_0x600e2805c8a0, C4<0>, C4<0>, C4<0>;
L_0x600e2805ed70 .functor AND 1, L_0x600e2805ee90, L_0x600e2805ef00, C4<1>, C4<1>;
L_0x600e2805f0a0 .functor OR 1, L_0x600e2805ec60, L_0x600e2805ed70, C4<0>, C4<0>;
L_0x600e2805f2f0 .functor NOT 1, L_0x600e2805c8a0, C4<0>, C4<0>, C4<0>;
L_0x600e2805f360 .functor AND 1, L_0x600e2805c770, L_0x600e2805f2f0, C4<1>, C4<1>;
L_0x600e2805f570 .functor OR 1, L_0x600e2805f0a0, L_0x600e2805f360, C4<0>, C4<0>;
L_0x600e2805f680 .functor NOT 1, L_0x600e2805c630, C4<0>, C4<0>, C4<0>;
L_0x600e2805f850 .functor NOT 1, L_0x600e2805c6d0, C4<0>, C4<0>, C4<0>;
L_0x600e2805f8c0 .functor AND 1, L_0x600e2805f680, L_0x600e2805f850, C4<1>, C4<1>;
L_0x600e2805fb40 .functor NOT 1, L_0x600e2805c8a0, C4<0>, C4<0>, C4<0>;
L_0x600e2805fbb0 .functor AND 1, L_0x600e2805f8c0, L_0x600e2805fb40, C4<1>, C4<1>;
L_0x600e2805fe40 .functor NOT 1, L_0x600e2805c770, C4<0>, C4<0>, C4<0>;
L_0x600e2805feb0 .functor AND 1, L_0x600e2805c630, L_0x600e2805fe40, C4<1>, C4<1>;
L_0x600e28060100 .functor OR 1, L_0x600e2805fbb0, L_0x600e2805feb0, C4<0>, C4<0>;
L_0x600e28060210 .functor NOT 1, L_0x600e2805c6d0, C4<0>, C4<0>, C4<0>;
L_0x600e28060420 .functor AND 1, L_0x600e28060210, L_0x600e2805c770, C4<1>, C4<1>;
L_0x600e280604e0 .functor AND 1, L_0x600e28060420, L_0x600e2805c8a0, C4<1>, C4<1>;
L_0x600e28060750 .functor OR 1, L_0x600e28060100, L_0x600e280604e0, C4<0>, C4<0>;
L_0x600e28060860 .functor NOT 1, L_0x600e2805c770, C4<0>, C4<0>, C4<0>;
L_0x600e28060a90 .functor AND 1, L_0x600e2805c6d0, L_0x600e28060860, C4<1>, C4<1>;
L_0x600e28060b50 .functor AND 1, L_0x600e28060a90, L_0x600e2805c8a0, C4<1>, C4<1>;
L_0x600e28060de0 .functor OR 1, L_0x600e28060750, L_0x600e28060b50, C4<0>, C4<0>;
L_0x600e28060ef0 .functor AND 1, L_0x600e2805c6d0, L_0x600e2805c770, C4<1>, C4<1>;
L_0x600e28061140 .functor NOT 1, L_0x600e2805c8a0, C4<0>, C4<0>, C4<0>;
L_0x600e280611b0 .functor AND 1, L_0x600e28060ef0, L_0x600e28061140, C4<1>, C4<1>;
L_0x600e280614e0 .functor OR 1, L_0x600e28060de0, L_0x600e280611b0, C4<0>, C4<0>;
L_0x600e280615f0 .functor NOT 1, L_0x600e2805c630, C4<0>, C4<0>, C4<0>;
L_0x600e28061860 .functor AND 1, L_0x600e280615f0, L_0x600e2805c6d0, C4<1>, C4<1>;
L_0x600e28061920 .functor NOT 1, L_0x600e2805c6d0, C4<0>, C4<0>, C4<0>;
L_0x600e28061ba0 .functor AND 1, L_0x600e2805c630, L_0x600e28061920, C4<1>, C4<1>;
L_0x600e28061c60 .functor OR 1, L_0x600e28061860, L_0x600e28061ba0, C4<0>, C4<0>;
L_0x600e28061f90 .functor NOT 1, L_0x600e2805c770, C4<0>, C4<0>, C4<0>;
L_0x600e28062000 .functor AND 1, L_0x600e28061f90, L_0x600e2805c8a0, C4<1>, C4<1>;
L_0x600e280622f0 .functor OR 1, L_0x600e28061c60, L_0x600e28062000, C4<0>, C4<0>;
L_0x600e28062400 .functor NOT 1, L_0x600e2805c630, C4<0>, C4<0>, C4<0>;
L_0x600e280626b0 .functor NOT 1, L_0x600e2805c6d0, C4<0>, C4<0>, C4<0>;
L_0x600e28062720 .functor AND 1, L_0x600e28062400, L_0x600e280626b0, C4<1>, C4<1>;
L_0x600e28062ab0 .functor NOT 1, L_0x600e2805c770, C4<0>, C4<0>, C4<0>;
L_0x600e28062b20 .functor AND 1, L_0x600e28062720, L_0x600e28062ab0, C4<1>, C4<1>;
L_0x600e28062e90 .functor OR 1, L_0x600e280622f0, L_0x600e28062b20, C4<0>, C4<0>;
L_0x600e28062fa0 .functor NOT 1, L_0x600e2805c630, C4<0>, C4<0>, C4<0>;
L_0x600e28063280 .functor NOT 1, L_0x600e2805c6d0, C4<0>, C4<0>, C4<0>;
L_0x600e280632f0 .functor AND 1, L_0x600e28062fa0, L_0x600e28063280, C4<1>, C4<1>;
L_0x600e28063680 .functor AND 1, L_0x600e280632f0, L_0x600e2805c8a0, C4<1>, C4<1>;
L_0x600e28063740 .functor OR 1, L_0x600e28062e90, L_0x600e28063680, C4<0>, C4<0>;
L_0x600e28063ae0 .functor NOT 1, L_0x600e2805c630, C4<0>, C4<0>, C4<0>;
L_0x600e28063b50 .functor NOT 1, L_0x600e2805c770, C4<0>, C4<0>, C4<0>;
L_0x600e28064070 .functor AND 1, L_0x600e28063ae0, L_0x600e28063b50, C4<1>, C4<1>;
L_0x600e28064180 .functor NOT 1, L_0x600e2805c8a0, C4<0>, C4<0>, C4<0>;
L_0x600e280644a0 .functor AND 1, L_0x600e28064070, L_0x600e28064180, C4<1>, C4<1>;
L_0x600e280645b0 .functor NOT 1, L_0x600e2805c630, C4<0>, C4<0>, C4<0>;
L_0x600e280648e0 .functor AND 1, L_0x600e280645b0, L_0x600e2805c770, C4<1>, C4<1>;
L_0x600e280649a0 .functor AND 1, L_0x600e280648e0, L_0x600e2805c8a0, C4<1>, C4<1>;
L_0x600e28064d30 .functor OR 1, L_0x600e280644a0, L_0x600e280649a0, C4<0>, C4<0>;
L_0x600e28064e40 .functor NOT 1, L_0x600e2805c770, C4<0>, C4<0>, C4<0>;
L_0x600e28065190 .functor AND 1, L_0x600e2805c630, L_0x600e28064e40, C4<1>, C4<1>;
L_0x600e28065250 .functor AND 1, L_0x600e28065190, L_0x600e2805c8a0, C4<1>, C4<1>;
L_0x600e28065810 .functor OR 1, L_0x600e28064d30, L_0x600e28065250, C4<0>, C4<0>;
L_0x600e28065920 .functor NOT 1, L_0x600e2805c6d0, C4<0>, C4<0>, C4<0>;
L_0x600e28065c90 .functor NOT 1, L_0x600e2805c8a0, C4<0>, C4<0>, C4<0>;
L_0x600e28065d00 .functor AND 1, L_0x600e28065920, L_0x600e28065c90, C4<1>, C4<1>;
L_0x600e28066150 .functor OR 1, L_0x600e28065810, L_0x600e28065d00, C4<0>, C4<0>;
L_0x600e28066260 .functor NOT 1, L_0x600e2805c6d0, C4<0>, C4<0>, C4<0>;
L_0x600e280665f0 .functor NOT 1, L_0x600e2805c770, C4<0>, C4<0>, C4<0>;
L_0x600e28066660 .functor AND 1, L_0x600e28066260, L_0x600e280665f0, C4<1>, C4<1>;
L_0x600e28066aa0 .functor OR 1, L_0x600e28066150, L_0x600e28066660, C4<0>, C4<0>;
L_0x600e28066e30 .functor NOT 1, L_0x600e2805c630, C4<0>, C4<0>, C4<0>;
L_0x600e280671e0 .functor AND 1, L_0x600e2805c770, L_0x600e28066e30, C4<1>, C4<1>;
L_0x600e280672a0 .functor NOT 1, L_0x600e2805c8a0, C4<0>, C4<0>, C4<0>;
L_0x600e28067660 .functor NOT 1, L_0x600e2805c6d0, C4<0>, C4<0>, C4<0>;
L_0x600e280676d0 .functor AND 1, L_0x600e280672a0, L_0x600e28067660, C4<1>, C4<1>;
L_0x600e28067b40 .functor OR 1, L_0x600e280671e0, L_0x600e280676d0, C4<0>, C4<0>;
L_0x600e28067c50 .functor NOT 1, L_0x600e2805c770, C4<0>, C4<0>, C4<0>;
L_0x600e28068030 .functor NOT 1, L_0x600e2805c6d0, C4<0>, C4<0>, C4<0>;
L_0x600e280680a0 .functor AND 1, L_0x600e28067c50, L_0x600e28068030, C4<1>, C4<1>;
L_0x600e28068530 .functor AND 1, L_0x600e280680a0, L_0x600e2805c630, C4<1>, C4<1>;
L_0x600e280685f0 .functor OR 1, L_0x600e28067b40, L_0x600e28068530, C4<0>, C4<0>;
L_0x600e28068a90 .functor AND 1, L_0x600e2805c6d0, L_0x600e2805c770, C4<1>, C4<1>;
L_0x600e28068b00 .functor OR 1, L_0x600e280685f0, L_0x600e28068a90, C4<0>, C4<0>;
L_0x600e28068fb0 .functor AND 1, L_0x600e2805c6d0, L_0x600e2805c8a0, C4<1>, C4<1>;
L_0x600e28069020 .functor NOT 1, L_0x600e2805c630, C4<0>, C4<0>, C4<0>;
L_0x600e28069440 .functor AND 1, L_0x600e28068fb0, L_0x600e28069020, C4<1>, C4<1>;
L_0x600e28069550 .functor OR 1, L_0x600e28068b00, L_0x600e28069440, C4<0>, C4<0>;
L_0x600e28069a20 .functor NOT 1, L_0x600e2805c8a0, C4<0>, C4<0>, C4<0>;
L_0x600e28069a90 .functor AND 1, L_0x600e2805c630, L_0x600e28069a20, C4<1>, C4<1>;
L_0x600e28069f20 .functor OR 1, L_0x600e28069550, L_0x600e28069a90, C4<0>, C4<0>;
v0x600e27fdf800_0 .net "A", 0 0, L_0x600e2805c630;  1 drivers
v0x600e28055640_0 .net "B", 0 0, L_0x600e2805c6d0;  1 drivers
v0x600e28055700_0 .net "C", 0 0, L_0x600e2805c770;  1 drivers
v0x600e280557a0_0 .net "D", 0 0, L_0x600e2805c8a0;  1 drivers
v0x600e28055860_0 .net *"_ivl_10", 0 0, L_0x600e2805c9a0;  1 drivers
v0x600e28055990_0 .net *"_ivl_100", 0 0, L_0x600e2805f850;  1 drivers
v0x600e28055a70_0 .net *"_ivl_103", 0 0, L_0x600e2805f8c0;  1 drivers
v0x600e28055b30_0 .net *"_ivl_104", 0 0, L_0x600e2805fb40;  1 drivers
v0x600e28055c10_0 .net *"_ivl_107", 0 0, L_0x600e2805fbb0;  1 drivers
v0x600e28055cd0_0 .net *"_ivl_108", 0 0, L_0x600e2805fe40;  1 drivers
v0x600e28055db0_0 .net *"_ivl_111", 0 0, L_0x600e2805feb0;  1 drivers
v0x600e28055e70_0 .net *"_ivl_113", 0 0, L_0x600e28060100;  1 drivers
v0x600e28055f30_0 .net *"_ivl_114", 0 0, L_0x600e28060210;  1 drivers
v0x600e28056010_0 .net *"_ivl_117", 0 0, L_0x600e28060420;  1 drivers
v0x600e280560d0_0 .net *"_ivl_119", 0 0, L_0x600e280604e0;  1 drivers
v0x600e28056190_0 .net *"_ivl_121", 0 0, L_0x600e28060750;  1 drivers
v0x600e28056250_0 .net *"_ivl_122", 0 0, L_0x600e28060860;  1 drivers
v0x600e28056330_0 .net *"_ivl_125", 0 0, L_0x600e28060a90;  1 drivers
v0x600e280563f0_0 .net *"_ivl_127", 0 0, L_0x600e28060b50;  1 drivers
v0x600e280564b0_0 .net *"_ivl_129", 0 0, L_0x600e28060de0;  1 drivers
v0x600e28056570_0 .net *"_ivl_13", 0 0, L_0x600e2805ca40;  1 drivers
v0x600e28056630_0 .net *"_ivl_131", 0 0, L_0x600e28060ef0;  1 drivers
v0x600e280566f0_0 .net *"_ivl_132", 0 0, L_0x600e28061140;  1 drivers
v0x600e280567d0_0 .net *"_ivl_135", 0 0, L_0x600e280611b0;  1 drivers
v0x600e28056890_0 .net *"_ivl_137", 0 0, L_0x600e280614e0;  1 drivers
v0x600e28056950_0 .net *"_ivl_14", 0 0, L_0x600e2805cb50;  1 drivers
v0x600e28056a30_0 .net *"_ivl_140", 0 0, L_0x600e280615f0;  1 drivers
v0x600e28056b10_0 .net *"_ivl_143", 0 0, L_0x600e28061860;  1 drivers
v0x600e28056bd0_0 .net *"_ivl_144", 0 0, L_0x600e28061920;  1 drivers
v0x600e28056cb0_0 .net *"_ivl_147", 0 0, L_0x600e28061ba0;  1 drivers
v0x600e28056d70_0 .net *"_ivl_149", 0 0, L_0x600e28061c60;  1 drivers
v0x600e28056e30_0 .net *"_ivl_150", 0 0, L_0x600e28061f90;  1 drivers
v0x600e28056f10_0 .net *"_ivl_153", 0 0, L_0x600e28062000;  1 drivers
v0x600e280571e0_0 .net *"_ivl_155", 0 0, L_0x600e280622f0;  1 drivers
v0x600e280572a0_0 .net *"_ivl_156", 0 0, L_0x600e28062400;  1 drivers
v0x600e28057380_0 .net *"_ivl_158", 0 0, L_0x600e280626b0;  1 drivers
v0x600e28057460_0 .net *"_ivl_161", 0 0, L_0x600e28062720;  1 drivers
v0x600e28057520_0 .net *"_ivl_162", 0 0, L_0x600e28062ab0;  1 drivers
v0x600e28057600_0 .net *"_ivl_165", 0 0, L_0x600e28062b20;  1 drivers
v0x600e280576c0_0 .net *"_ivl_167", 0 0, L_0x600e28062e90;  1 drivers
v0x600e28057780_0 .net *"_ivl_168", 0 0, L_0x600e28062fa0;  1 drivers
v0x600e28057860_0 .net *"_ivl_17", 0 0, L_0x600e2805cc10;  1 drivers
v0x600e28057920_0 .net *"_ivl_170", 0 0, L_0x600e28063280;  1 drivers
v0x600e28057a00_0 .net *"_ivl_173", 0 0, L_0x600e280632f0;  1 drivers
v0x600e28057ac0_0 .net *"_ivl_175", 0 0, L_0x600e28063680;  1 drivers
v0x600e28057b80_0 .net *"_ivl_177", 0 0, L_0x600e28063740;  1 drivers
v0x600e28057c40_0 .net *"_ivl_18", 0 0, L_0x600e2805cd50;  1 drivers
v0x600e28057d20_0 .net *"_ivl_180", 0 0, L_0x600e28063ae0;  1 drivers
v0x600e28057e00_0 .net *"_ivl_182", 0 0, L_0x600e28063b50;  1 drivers
v0x600e28057ee0_0 .net *"_ivl_185", 0 0, L_0x600e28064070;  1 drivers
v0x600e28057fa0_0 .net *"_ivl_186", 0 0, L_0x600e28064180;  1 drivers
v0x600e28058080_0 .net *"_ivl_189", 0 0, L_0x600e280644a0;  1 drivers
v0x600e28058140_0 .net *"_ivl_190", 0 0, L_0x600e280645b0;  1 drivers
v0x600e28058220_0 .net *"_ivl_193", 0 0, L_0x600e280648e0;  1 drivers
v0x600e280582e0_0 .net *"_ivl_195", 0 0, L_0x600e280649a0;  1 drivers
v0x600e280583a0_0 .net *"_ivl_197", 0 0, L_0x600e28064d30;  1 drivers
v0x600e28058460_0 .net *"_ivl_198", 0 0, L_0x600e28064e40;  1 drivers
v0x600e28058540_0 .net *"_ivl_201", 0 0, L_0x600e28065190;  1 drivers
v0x600e28058600_0 .net *"_ivl_203", 0 0, L_0x600e28065250;  1 drivers
v0x600e280586c0_0 .net *"_ivl_205", 0 0, L_0x600e28065810;  1 drivers
v0x600e28058780_0 .net *"_ivl_206", 0 0, L_0x600e28065920;  1 drivers
v0x600e28058860_0 .net *"_ivl_208", 0 0, L_0x600e28065c90;  1 drivers
v0x600e28058940_0 .net *"_ivl_21", 0 0, L_0x600e2805cdc0;  1 drivers
v0x600e28058a00_0 .net *"_ivl_211", 0 0, L_0x600e28065d00;  1 drivers
v0x600e28058ac0_0 .net *"_ivl_213", 0 0, L_0x600e28066150;  1 drivers
v0x600e28058f90_0 .net *"_ivl_214", 0 0, L_0x600e28066260;  1 drivers
v0x600e28059070_0 .net *"_ivl_216", 0 0, L_0x600e280665f0;  1 drivers
v0x600e28059150_0 .net *"_ivl_219", 0 0, L_0x600e28066660;  1 drivers
v0x600e28059210_0 .net *"_ivl_221", 0 0, L_0x600e28066aa0;  1 drivers
v0x600e280592d0_0 .net *"_ivl_225", 0 0, L_0x600e28066e30;  1 drivers
v0x600e280593b0_0 .net *"_ivl_228", 0 0, L_0x600e280671e0;  1 drivers
v0x600e28059470_0 .net *"_ivl_229", 0 0, L_0x600e280672a0;  1 drivers
v0x600e28059550_0 .net *"_ivl_23", 0 0, L_0x600e2805cec0;  1 drivers
v0x600e28059610_0 .net *"_ivl_231", 0 0, L_0x600e28067660;  1 drivers
v0x600e280596f0_0 .net *"_ivl_234", 0 0, L_0x600e280676d0;  1 drivers
v0x600e280597b0_0 .net *"_ivl_236", 0 0, L_0x600e28067b40;  1 drivers
v0x600e28059870_0 .net *"_ivl_237", 0 0, L_0x600e28067c50;  1 drivers
v0x600e28059950_0 .net *"_ivl_239", 0 0, L_0x600e28068030;  1 drivers
v0x600e28059a30_0 .net *"_ivl_242", 0 0, L_0x600e280680a0;  1 drivers
v0x600e28059af0_0 .net *"_ivl_244", 0 0, L_0x600e28068530;  1 drivers
v0x600e28059bb0_0 .net *"_ivl_246", 0 0, L_0x600e280685f0;  1 drivers
v0x600e28059c70_0 .net *"_ivl_248", 0 0, L_0x600e28068a90;  1 drivers
v0x600e28059d30_0 .net *"_ivl_25", 0 0, L_0x600e2805cfd0;  1 drivers
v0x600e28059df0_0 .net *"_ivl_250", 0 0, L_0x600e28068b00;  1 drivers
v0x600e28059eb0_0 .net *"_ivl_252", 0 0, L_0x600e28068fb0;  1 drivers
v0x600e28059f70_0 .net *"_ivl_253", 0 0, L_0x600e28069020;  1 drivers
v0x600e2805a050_0 .net *"_ivl_256", 0 0, L_0x600e28069440;  1 drivers
v0x600e2805a110_0 .net *"_ivl_258", 0 0, L_0x600e28069550;  1 drivers
v0x600e2805a1d0_0 .net *"_ivl_259", 0 0, L_0x600e28069a20;  1 drivers
v0x600e2805a2b0_0 .net *"_ivl_262", 0 0, L_0x600e28069a90;  1 drivers
v0x600e2805a370_0 .net *"_ivl_264", 0 0, L_0x600e28069f20;  1 drivers
v0x600e2805a430_0 .net *"_ivl_27", 0 0, L_0x600e2805d120;  1 drivers
v0x600e2805a4f0_0 .net *"_ivl_28", 0 0, L_0x600e2805d230;  1 drivers
v0x600e2805a5d0_0 .net *"_ivl_31", 0 0, L_0x600e2805d390;  1 drivers
v0x600e2805a690_0 .net *"_ivl_33", 0 0, L_0x600e2805d400;  1 drivers
v0x600e2805a750_0 .net *"_ivl_34", 0 0, L_0x600e2805d530;  1 drivers
v0x600e2805a830_0 .net *"_ivl_37", 0 0, L_0x600e2805d5a0;  1 drivers
v0x600e2805a8f0_0 .net *"_ivl_39", 0 0, L_0x600e2805d4c0;  1 drivers
v0x600e2805a9b0_0 .net *"_ivl_42", 0 0, L_0x600e2805d7c0;  1 drivers
v0x600e2805aa90_0 .net *"_ivl_45", 0 0, L_0x600e2805d8c0;  1 drivers
v0x600e2805ab50_0 .net *"_ivl_46", 0 0, L_0x600e2805d980;  1 drivers
v0x600e2805ac30_0 .net *"_ivl_49", 0 0, L_0x600e2805da90;  1 drivers
v0x600e2805acf0_0 .net *"_ivl_50", 0 0, L_0x600e2805dba0;  1 drivers
v0x600e2805add0_0 .net *"_ivl_53", 0 0, L_0x600e2805dcc0;  1 drivers
v0x600e2805ae90_0 .net *"_ivl_55", 0 0, L_0x600e2805dd80;  1 drivers
v0x600e2805af50_0 .net *"_ivl_57", 0 0, L_0x600e2805df50;  1 drivers
v0x600e2805b010_0 .net *"_ivl_59", 0 0, L_0x600e2805dfc0;  1 drivers
v0x600e2805b0d0_0 .net *"_ivl_60", 0 0, L_0x600e2805e1a0;  1 drivers
v0x600e2805b1b0_0 .net *"_ivl_63", 0 0, L_0x600e2805e210;  1 drivers
v0x600e2805b270_0 .net *"_ivl_65", 0 0, L_0x600e2805e360;  1 drivers
v0x600e2805b330_0 .net *"_ivl_66", 0 0, L_0x600e2805e470;  1 drivers
v0x600e2805b410_0 .net *"_ivl_68", 0 0, L_0x600e2805e5d0;  1 drivers
v0x600e2805b4f0_0 .net *"_ivl_71", 0 0, L_0x600e2805e640;  1 drivers
v0x600e2805b5b0_0 .net *"_ivl_73", 0 0, L_0x600e2805e850;  1 drivers
v0x600e2805b670_0 .net *"_ivl_77", 0 0, L_0x600e2805e960;  1 drivers
v0x600e2805b730_0 .net *"_ivl_79", 0 0, L_0x600e2805eae0;  1 drivers
v0x600e2805b7f0_0 .net *"_ivl_81", 0 0, L_0x600e2805ec60;  1 drivers
v0x600e2805b8b0_0 .net *"_ivl_82", 0 0, L_0x600e2805ee90;  1 drivers
v0x600e2805b990_0 .net *"_ivl_84", 0 0, L_0x600e2805ef00;  1 drivers
v0x600e2805ba70_0 .net *"_ivl_87", 0 0, L_0x600e2805ed70;  1 drivers
v0x600e2805bb30_0 .net *"_ivl_89", 0 0, L_0x600e2805f0a0;  1 drivers
v0x600e2805bbf0_0 .net *"_ivl_90", 0 0, L_0x600e2805f2f0;  1 drivers
v0x600e2805bcd0_0 .net *"_ivl_93", 0 0, L_0x600e2805f360;  1 drivers
v0x600e2805bd90_0 .net *"_ivl_95", 0 0, L_0x600e2805f570;  1 drivers
v0x600e2805be50_0 .net *"_ivl_98", 0 0, L_0x600e2805f680;  1 drivers
v0x600e2805bf30_0 .net "hex", 3 0, v0x600e2805c4f0_0;  1 drivers
v0x600e2805c010_0 .net "segments", 6 0, L_0x600e2805d9f0;  alias, 1 drivers
L_0x600e2805c630 .part v0x600e2805c4f0_0, 3, 1;
L_0x600e2805c6d0 .part v0x600e2805c4f0_0, 2, 1;
L_0x600e2805c770 .part v0x600e2805c4f0_0, 1, 1;
L_0x600e2805c8a0 .part v0x600e2805c4f0_0, 0, 1;
LS_0x600e2805d9f0_0_0 .concat8 [ 1 1 1 1], L_0x600e2805d4c0, L_0x600e2805e850, L_0x600e2805f570, L_0x600e280614e0;
LS_0x600e2805d9f0_0_4 .concat8 [ 1 1 1 0], L_0x600e28063740, L_0x600e28066aa0, L_0x600e28069f20;
L_0x600e2805d9f0 .concat8 [ 4 3 0 0], LS_0x600e2805d9f0_0_0, LS_0x600e2805d9f0_0_4;
    .scope S_0x600e27fdf490;
T_0 ;
    %vpi_call 2 30 "$display", " N | SEGMENTOS |    CONFERENCIA  |" {0 0 0};
    %pushi/vec4 0, 0, 32;
    %store/vec4 v0x600e2805c410_0, 0, 32;
T_0.0 ;
    %load/vec4 v0x600e2805c410_0;
    %cmpi/s 16, 0, 32;
    %jmp/0xz T_0.1, 5;
    %load/vec4 v0x600e2805c410_0;
    %pad/s 4;
    %store/vec4 v0x600e2805c4f0_0, 0, 4;
    %delay 10, 0;
    %load/vec4 v0x600e2805c590_0;
    %ix/getv/s 4, v0x600e2805c410_0;
    %load/vec4a v0x600e2805c150, 4;
    %cmp/e;
    %jmp/0xz  T_0.2, 4;
    %vpi_call 2 36 "$display", "%2d |  %b  | %b | PASSOU", v0x600e2805c4f0_0, v0x600e2805c590_0, &A<v0x600e2805c150, v0x600e2805c410_0 > {0 0 0};
    %jmp T_0.3;
T_0.2 ;
    %vpi_call 2 38 "$display", "%2d | %b | %b | FALHOU", v0x600e2805c4f0_0, v0x600e2805c590_0, &A<v0x600e2805c150, v0x600e2805c410_0 > {0 0 0};
T_0.3 ;
    %load/vec4 v0x600e2805c410_0;
    %addi 1, 0, 32;
    %store/vec4 v0x600e2805c410_0, 0, 32;
    %jmp T_0.0;
T_0.1 ;
    %vpi_call 2 40 "$finish" {0 0 0};
    %end;
    .thread T_0;
# The file index is used to find the file name in the following table.
:file_names 4;
    "N/A";
    "<interactive>";
    "tb_hex_to_7seg.v";
    "hex_to_7seg.v";
